total 520
drwxr-xr-x@ 23 m4ll0k  wheel    736 Apr 17 15:26 .
drwxr-xr-x@  3 m4ll0k  wheel     96 Apr 17 14:30 ..
-rw-r--r--@  1 m4ll0k  wheel   2072 Apr 17 14:30 __init__.py
-rw-r--r--@  1 m4ll0k  wheel     30 Apr 17 14:30 __main__.py
-rw-r--r--@  1 m4ll0k  wheel  65423 Apr 17 15:26 app.py
-rw-r--r--@  1 m4ll0k  wheel   4541 Apr 17 14:30 blueprints.py
-rw-r--r--@  1 m4ll0k  wheel  36808 Apr 17 14:30 cli.py
-rw-r--r--@  1 m4ll0k  wheel  13219 Apr 17 14:30 config.py
-rw-r--r--@  1 m4ll0k  wheel  18104 Apr 17 14:30 ctx.py
-rw-r--r--@  1 m4ll0k  wheel   6070 Apr 17 14:30 debughelpers.py
-rw-r--r--@  1 m4ll0k  wheel   2414 Apr 17 14:30 globals.py
-rw-r--r--@  1 m4ll0k  wheel  24637 Apr 17 14:30 helpers.py
drwxr-xr-x@  5 m4ll0k  wheel    160 Apr 17 14:30 json
-rw-r--r--@  1 m4ll0k  wheel   2377 Apr 17 14:30 logging.py
-rw-r--r--@  1 m4ll0k  wheel      0 Apr 17 14:30 py.typed
drwxr-xr-x@  6 m4ll0k  wheel    192 Apr 17 14:30 sansio
-rw-r--r--@  1 m4ll0k  wheel  14969 Apr 17 14:30 sessions.py
-rw-r--r--@  1 m4ll0k  wheel    750 Apr 17 14:30 signals.py
-rw-r--r--@  1 m4ll0k  wheel   7336 Apr 17 14:30 templating.py
-rw-r--r--@  1 m4ll0k  wheel  10114 Apr 17 14:30 testing.py
-rw-r--r--@  1 m4ll0k  wheel   3114 Apr 17 14:30 typing.py
-rw-r--r--@  1 m4ll0k  wheel   6962 Apr 17 14:30 views.py
-rw-r--r--@  1 m4ll0k  wheel   9406 Apr 17 14:30 wrappers.py
