{
  "entrypoints": [
    {
      "id": 253,
      "file": "tests/test_apps/helloworld/wsgi.py",
      "kind": "python-entry-candidate",
      "confidence": "medium",
      "evidence": "filename:wsgi.py",
      "indexed": 1
    },
    {
      "id": 254,
      "file": "tests/test_apps/cliapp/app.py",
      "kind": "python-entry-candidate",
      "confidence": "medium",
      "evidence": "filename:app.py",
      "indexed": 1
    },
    {
      "id": 255,
      "file": "src/flask/cli.py",
      "kind": "python-entry-candidate",
      "confidence": "medium",
      "evidence": "filename:cli.py",
      "indexed": 1
    },
    {
      "id": 256,
      "file": "src/flask/cli.py",
      "kind": "python-main-guard",
      "confidence": "high",
      "evidence": "__main__ guard",
      "indexed": 1
    },
    {
      "id": 257,
      "file": "src/flask/app.py",
      "kind": "python-entry-candidate",
      "confidence": "medium",
      "evidence": "filename:app.py",
      "indexed": 1
    },
    {
      "id": 258,
      "file": "src/flask/__main__.py",
      "kind": "python-main",
      "confidence": "high",
      "evidence": "filename",
      "indexed": 1
    },
    {
      "id": 259,
      "file": "src/flask/sansio/app.py",
      "kind": "python-entry-candidate",
      "confidence": "medium",
      "evidence": "filename:app.py",
      "indexed": 1
    }
  ],
  "unindexed_count": 0
}
