from __future__ import annotations

import collections.abc as cabc
import inspect
import os
import sys
import typing as t
import weakref
from datetime import timedelta
from functools import update_wrapper
from inspect import iscoroutinefunction
from itertools import chain
from types import TracebackType
from urllib.parse import quote as _url_quote

import click
from werkzeug.datastructures import Headers
from werkzeug.datastructures import ImmutableDict
from werkzeug.exceptions import BadRequestKeyError
from werkzeug.exceptions import HTTPException
from werkzeug.exceptions import InternalServerError
from werkzeug.routing import BuildError
from werkzeug.routing import MapAdapter
from werkzeug.routing import RequestRedirect
from werkzeug.routing import RoutingException
from werkzeug.routing import Rule
from werkzeug.serving import is_running_from_reloader
from werkzeug.wrappers import Response as BaseResponse
from werkzeug.wsgi import get_host

from . import cli
from . import typing as ft
from .ctx import AppContext
from .globals import _cv_app
from .globals import app_ctx
from .globals import g
from .globals import request
from .globals import session
from .helpers import _CollectErrors
from .helpers import get_debug_flag
from .helpers import get_flashed_messages
from .helpers import get_load_dotenv
from .helpers import send_from_directory
from .sansio.app import App
from .sessions import SecureCookieSessionInterface
from .sessions import SessionInterface
from .signals import appcontext_tearing_down
from .signals import got_request_exception
from .signals import request_finished
from .signals import request_started
from .signals import request_tearing_down
from .templating import Environment
from .wrappers import Request
from .wrappers import Response

if t.TYPE_CHECKING:  # pragma: no cover
    from _typeshed.wsgi import StartResponse
    from _typeshed.wsgi import WSGIEnvironment

    from .testing import FlaskClient
    from .testing import FlaskCliRunner
    from .typing import HeadersValue

T_shell_context_processor = t.TypeVar(
    "T_shell_context_processor", bound=ft.ShellContextProcessorCallable
)
T_teardown = t.TypeVar("T_teardown", bound=ft.TeardownCallable)
T_template_filter = t.TypeVar("T_template_filter", bound=ft.TemplateFilterCallable)
T_template_global = t.TypeVar("T_template_global", bound=ft.TemplateGlobalCallable)
T_template_test = t.TypeVar("T_template_test", bound=ft.TemplateTestCallable)


def _make_timedelta(value: timedelta | int | None) -> timedelta | None:
    if value is None or isinstance(value, timedelta):
        return value

    return timedelta(seconds=value)


F = t.TypeVar("F", bound=t.Callable[..., t.Any])


# Other methods may call the overridden method with the new ctx arg. Remove it
# and call the method with the remaining args.
def remove_ctx(f: F) -> F:
    def wrapper(self: Flask, *args: t.Any, **kwargs: t.Any) -> t.Any:
        if args and isinstance(args[0], AppContext):
            args = args[1:]

        return f(self, *args, **kwargs)

    return update_wrapper(wrapper, f)  # type: ignore[return-value]


# The overridden method may call super().base_method without the new ctx arg.
# Add it to the args for the call.
def add_ctx(f: F) -> F:
    def wrapper(self: Flask, *args: t.Any, **kwargs: t.Any) -> t.Any:
        if not args:
            args = (app_ctx._get_current_object(),)
        elif not isinstance(args[0], AppContext):
            args = (app_ctx._get_current_object(), *args)

        return f(self, *args, **kwargs)

    return update_wrapper(wrapper, f)  # type: ignore[return-value]


class Flask(App):
    """The flask object implements a WSGI application and acts as the central
    object.  It is passed the name of the module or package of the
    application.  Once it is created it will act as a central registry for
    the view functions, the URL rules, template configuration and much more.

    The name of the package is used to resolve resources from inside the
    package or the folder the module is contained in depending on if the
    package parameter resolves to an actual python package (a folder with
    an :file:`__init__.py` file inside) or a standard module (just a ``.py`` file).

    For more information about resource loading, see :func:`open_resource`.

    Usually you create a :class:`Flask` instance in your main module or
    in the :file:`__init__.py` file of your package like this::

        from flask import Flask
        app = Flask(__name__)

    .. admonition:: About the First Parameter

        The idea of the first parameter is to give Flask an idea of what
        belongs to your application.  This name is used to find resources
        on the filesystem, can be used by extensions to improve debugging
        information and a lot more.

        So it's important what you provide there.  If you are using a single
        module, `__name__` is always the correct value.  If you however are
        using a package, it's usually recommended to hardcode the name of
        your package there.

        For example if your application is defined in :file:`yourapplication/app.py`
        you should create it with one of the two versions below::

            app = Flask('yourapplication')
            app = Flask(__name__.split('.')[0])

        Why is that?  The application will work even with `__name__`, thanks
        to how resources are looked up.  However it will make debugging more
        painful.  Certain extensions can make assumptions based on the
        import name of your application.  For example the Flask-SQLAlchemy
        extension will look for the code in your application that triggered
        an SQL query in debug mode.  If the import name is not properly set
        up, that debugging information is lost.  (For example it would only
        pick up SQL queries in `yourapplication.app` and not
        `yourapplication.views.frontend`)

    .. versionadded:: 0.7
       The `static_url_path`, `static_folder`, and `template_folder`
       parameters were added.

    .. versionadded:: 0.8
       The `instance_path` and `instance_relative_config` parameters were
       added.

    .. versionadded:: 0.11
       The `root_path` parameter was added.

    .. versionadded:: 1.0
       The ``host_matching`` and ``static_host`` parameters were added.

    .. versionadded:: 1.0
       The ``subdomain_matching`` parameter was added. Subdomain
       matching needs to be enabled manually now. Setting
       :data:`SERVER_NAME` does not implicitly enable it.

    :param import_name: the name of the application package
    :param static_url_path: can be used to specify a different path for the
                            static files on the web.  Defaults to the name
                            of the `static_folder` folder.
    :param static_folder: The folder with static files that is served at
        ``static_url_path``. Relative to the application ``root_path``
        or an absolute path. Defaults to ``'static'``.
    :param static_host: the host to use when adding the static route.
        Defaults to None. Required when using ``host_matching=True``
        with a ``static_folder`` configured.
    :param host_matching: set ``url_map.host_matching`` attribute.
        Defaults to False.
    :param subdomain_matching: consider the subdomain relative to
        :data:`SERVER_NAME` when matching routes. Defaults to False.
    :param template_folder: the folder that contains the templates that should
                            be used by the application.  Defaults to
                            ``'templates'`` folder in the root path of the
                            application.
    :param instance_path: An alternative instance path for the application.
                          By default the folder ``'instance'`` next to the
                          package or module is assumed to be the instance
                          path.
    :param instance_relative_config: if set to ``True`` relative filenames
                                     for loading the config are assumed to
                                     be relative to the instance path instead
                                     of the application root.
