src/flask/logging.py
src/flask/sansio/blueprints.py
src/flask/sansio/README.md
src/flask/sansio/app.py
src/flask/sansio/scaffold.py
src/flask/signals.py
src/flask/sessions.py
src/flask/config.py
src/flask/templating.py
src/flask/globals.py
src/flask/__init__.py
src/flask/blueprints.py
src/flask/json/provider.py
src/flask/json/__init__.py
src/flask/json/tag.py
src/flask/cli.py
src/flask/wrappers.py
src/flask/app.py
src/flask/debughelpers.py
src/flask/py.typed
src/flask/ctx.py
src/flask/typing.py
src/flask/testing.py
src/flask/helpers.py
src/flask/__main__.py
src/flask/views.py
